*******************************************************************************
*                                                                             *
*              K1874BE96T C CROSS COMPILER Version 2.00.150328                *
*                          Copyright (C) 2012 NIIET                           *
*                                                                             *
*******************************************************************************

                 crc16_ccitt:
;FILE: .\TestLinear\crc16.c
;000040    uint16 crc16_ccitt(uint8 *buf, uint8 len)
00000000    C824                           	PUSH  _EX
00000002    C826                           	PUSH  _FX
00000004    A01C26                         	LD    _FX,_AX
;000043            int8 d = 1;
00000007    B10122                         	LDB   d?crc16_ccitt,#01h
;000044            unsigned short crc = 0x1D0F;
0000000A    A10F1D1C                       	LD    crc?crc16_ccitt,#1D0Fh
;000045            for( i = 0; i < len; i++)
0000000E    111F                           	CLRB  i?crc16_ccitt
00000010    202F                           	SJMP  ??_1_CHECK
                   ??_1_LOOP:
;000046            {
;000047                            crc = (crc<<8) ^ crc16tab[((crc>>8) ^ *(char *)(buf+i+d))&0x00FF];
00000012    AC1F20                         	LDBZE _CX,i?crc16_ccitt
00000015    BC2224                         	LDBSE _EX,d?crc16_ccitt
00000018    642420                         	ADD   _CX,_EX
0000001B    642620                         	ADD   _CX,buf?crc16_ccitt
0000001E    AE2020                         	LDBZE _CX,[_CX]
00000021    A01C24                         	LD    _EX,crc?crc16_ccitt
00000024    080824                         	SHR   _EX,#08h
00000027    842420                         	XOR   _CX,_EX
0000002A    1121                           	CLRB  _CH
0000002C    090120                         	SHL   _CX,#01h
0000002F    09081C                         	SHL   crc?crc16_ccitt,#08h
00000032    A321000020                     	LD    _CX,crc16tab[_CX]
00000037    841C20                         	XOR   _CX,crc?crc16_ccitt
0000003A    A0201C                         	LD    crc?crc16_ccitt,_CX
;000048                            d = -d;
0000003D    1322                           	NEGB  d?crc16_ccitt
;000049            }
0000003F    171F                           	INCB  i?crc16_ccitt
                  ??_1_CHECK:
00000041    981E1F                         	CMPB  i?crc16_ccitt,len?crc16_ccitt
00000044    D3CC                           	JNC   ??_1_LOOP
;000050            return crc;
;000051    }
00000046    CC26                           	POP   _FX
00000048    CC24                           	POP   _EX
0000004A    F0                             	RET   
.ENDF

.\TestLinear\crc16.c: 75 byte(s), 2683 line(s), 0 error(s), 0 warning(s)

