*******************************************************************************
*                                                                             *
*              K1874BE96T C CROSS COMPILER Version 2.00.150328                *
*                          Copyright (C) 2012 NIIET                           *
*                                                                             *
*******************************************************************************

                    ADC_Init:
;FILE: .\TestLinear\adc.c
;000015    void ADC_Init()
;000017      ADC_EN = 0x05 | 0x80;
00000000    B1851C                         	LDB   _AL,#85h
00000003    C70100001C                     	STB   _AL,ADC_EN
;000018      ADC_SET = 0x38 & 0x20;
00000008    B1201C                         	LDB   _AL,#20h
0000000B    C70100001C                     	STB   _AL,ADC_SET
;000019    }
00000010    F0                             	RET   
.ENDF
                     ADC_DNT:
;000021    void ADC_DNT(uint16 *DNT_result, int16 *adc_array, int16 *max, int16 *min, uint16 aver_num)
00000011    C824                           	PUSH  _EX
00000013    C826                           	PUSH  _FX
00000015    C828                           	PUSH  _GX
00000017    C82A                           	PUSH  _HX
00000019    69080018                       	SUB   _SP,#0008h
0000001D    C318001E                       	ST    _BX,00h[_SP]
00000021    C3180220                       	ST    _CX,02h[_SP]
00000025    C3180422                       	ST    _DX,04h[_SP]
00000029    C318061C                       	ST    _AX,06h[_SP]
;000024      float mean = 0;
0000002D    AD0028                         	LDBZE mean?ADC_DNT,#00h
00000030    AD002A                         	LDBZE (mean?ADC_DNT+2),#00h
;000025      ADC_CON = 0x03 | (12 << 3); //канал для измерения тока DNT
00000033    B16320                         	LDB   _CL,#63h
00000036    C701000020                     	STB   _CL,ADC_CON
;000027      for(i = 0; i < aver_num; i++) //~20ms
0000003B    0124                           	CLR   i?ADC_DNT
0000003D    2030                           	SJMP  ??_1_CHECK
                   ??_1_LOOP:
;000028      {
;000029        adc_array[i] = ADC_RESULT&0x3FFF;
0000003F    A02426                         	LD    _FX,i?ADC_DNT
00000042    090126                         	SHL   _FX,#01h
00000045    4718002622                     	ADD   _DX,_FX,adc_array?ADC_DNT[_SP]
0000004A    A301000020                     	LD    _CX,ADC_RESULT
0000004F    61FF3F20                       	AND   _CX,#3FFFh
00000053    C22220                         	ST    _CX,[_DX]
;000030        adc_array[i] = (adc_array[i] - 0x2000) & 0x3FFF;
00000056    4718002620                     	ADD   _CX,_FX,adc_array?ADC_DNT[_SP]
0000005B    67180026                       	ADD   _FX,adc_array?ADC_DNT[_SP]
0000005F    A22626                         	LD    _FX,[_FX]
00000062    6500E026                       	ADD   _FX,#0E000h
00000066    61FF3F26                       	AND   _FX,#3FFFh
0000006A    C22026                         	ST    _FX,[_CX]
;000031      }
0000006D    0724                           	INC   i?ADC_DNT
                  ??_1_CHECK:
0000006F    8B181224                       	CMP   i?ADC_DNT,aver_num?ADC_DNT[_SP]
00000073    D3CA                           	JNC   ??_1_LOOP
;000033      for(i = 0; i < aver_num; i++) //~20ms
00000075    0124                           	CLR   i?ADC_DNT
00000077    2030                           	SJMP  ??_2_CHECK
                   ??_2_LOOP:
;000034      {
;000035        adc_array[i] = ADC_RESULT&0x3FFF;
00000079    A02426                         	LD    _FX,i?ADC_DNT
0000007C    090126                         	SHL   _FX,#01h
0000007F    4718002622                     	ADD   _DX,_FX,adc_array?ADC_DNT[_SP]
00000084    A301000020                     	LD    _CX,ADC_RESULT
00000089    61FF3F20                       	AND   _CX,#3FFFh
0000008D    C22220                         	ST    _CX,[_DX]
;000036        adc_array[i] = (adc_array[i] - 0x2000) & 0x3FFF;
00000090    4718002620                     	ADD   _CX,_FX,adc_array?ADC_DNT[_SP]
00000095    67180026                       	ADD   _FX,adc_array?ADC_DNT[_SP]
00000099    A22626                         	LD    _FX,[_FX]
0000009C    6500E026                       	ADD   _FX,#0E000h
000000A0    61FF3F26                       	AND   _FX,#3FFFh
000000A4    C22026                         	ST    _FX,[_CX]
;000037      }
000000A7    0724                           	INC   i?ADC_DNT
                  ??_2_CHECK:
000000A9    8B181224                       	CMP   i?ADC_DNT,aver_num?ADC_DNT[_SP]
000000AD    D3CA                           	JNC   ??_2_LOOP
;000038      *max = 0x7FFF;
000000AF    A1FF7F22                       	LD    _DX,#7FFFh
000000B3    A3180220                       	LD    _CX,max?ADC_DNT[_SP]
000000B7    C22022                         	ST    _DX,[_CX]
;000039      *min = 0x8000;
000000BA    A1008020                       	LD    _CX,#8000h
000000BE    A3180422                       	LD    _DX,min?ADC_DNT[_SP]
000000C2    C22220                         	ST    _CX,[_DX]
;000040      for(i = 0; i < aver_num; i++)
000000C5    0124                           	CLR   i?ADC_DNT
000000C7    2054                           	SJMP  ??_3_CHECK
                   ??_3_LOOP:
;000041      {
;000043        mean += adc_array[i];
000000C9    A02426                         	LD    _FX,i?ADC_DNT
000000CC    090126                         	SHL   _FX,#01h
000000CF    4718002620                     	ADD   _CX,_FX,adc_array?ADC_DNT[_SP]
000000D4    A2201C                         	LD    _AX,[_CX]
000000D7    EF26FF                         	LCALL ??FPCONV16
000000DA    A02820                         	LD    _CX,mean?ADC_DNT
000000DD    A02A22                         	LD    _DX,(mean?ADC_DNT+2)
000000E0    EF1DFF                         	LCALL ??FPADD
000000E3    A01C28                         	LD    mean?ADC_DNT,_AX
000000E6    A01E2A                         	LD    (mean?ADC_DNT+2),_BX
;000044        if (*max <  adc_array[i]) *max = adc_array[i];
000000E9    4718002620                     	ADD   _CX,_FX,adc_array?ADC_DNT[_SP]
000000EE    A22022                         	LD    _DX,[_CX]
000000F1    A3180220                       	LD    _CX,max?ADC_DNT[_SP]
000000F5    A22020                         	LD    _CX,[_CX]
000000F8    882220                         	CMP   _CX,_DX
000000FB    D607                           	JGE   ??_4_ELSE
000000FD    A3180220                       	LD    _CX,max?ADC_DNT[_SP]
00000101    C22022                         	ST    _DX,[_CX]
                   ??_4_ELSE:
;000045        if (*min >  adc_array[i]) *min = adc_array[i];
00000104    67180026                       	ADD   _FX,adc_array?ADC_DNT[_SP]
00000108    A22626                         	LD    _FX,[_FX]
0000010B    A3180422                       	LD    _DX,min?ADC_DNT[_SP]
0000010F    8A2226                         	CMP   _FX,[_DX]
00000112    D607                           	JGE   ??_5_ELSE
00000114    A3180422                       	LD    _DX,min?ADC_DNT[_SP]
00000118    C22226                         	ST    _FX,[_DX]
                   ??_5_ELSE:
;000046      }
0000011B    0724                           	INC   i?ADC_DNT
                  ??_3_CHECK:
0000011D    8B181224                       	CMP   i?ADC_DNT,aver_num?ADC_DNT[_SP]
00000121    D3A6                           	JNC   ??_3_LOOP
;000047      ADC_CON = 0x03 | (12 << 3); //канал для измерения тока DNT
00000123    B16320                         	LDB   _CL,#63h
00000126    C701000020                     	STB   _CL,ADC_CON
;000048      mean /= aver_num*1.;
0000012B    A318121C                       	LD    _AX,aver_num?ADC_DNT[_SP]
0000012F    EFCEFE                         	LCALL ??FPCONV16U
00000132    AD0020                         	LDBZE _CX,#00h
00000135    A1803F22                       	LD    _DX,#3F80h
00000139    EFC4FE                         	LCALL ??FPMUL
0000013C    A01C20                         	LD    _CX,_AX
0000013F    A01E22                         	LD    _DX,_BX
00000142    A0281C                         	LD    _AX,mean?ADC_DNT
00000145    A02A1E                         	LD    _BX,(mean?ADC_DNT+2)
00000148    EFB5FE                         	LCALL ??FPDIV
;000049      *DNT_result = (uint16)(1*mean+0); //перевод в мВ
0000014B    AD0020                         	LDBZE _CX,#00h
0000014E    A1803F22                       	LD    _DX,#3F80h
00000152    EFABFE                         	LCALL ??FPMUL
00000155    AD0020                         	LDBZE _CX,#00h
00000158    AD0022                         	LDBZE _DX,#00h
0000015B    EFA2FE                         	LCALL ??FPADD
0000015E    EF9FFE                         	LCALL ??FPTRUNC
00000161    A3180620                       	LD    _CX,DNT_result?ADC_DNT[_SP]
00000165    C2201C                         	ST    _AX,[_CX]
;000050    }
00000168    65080018                       	ADD   _SP,#0008h
0000016C    219E                           	SJMP  COMMON?END_ADC_50V
.ENDF
                ADC_DNT_summ:
;000052    uint16 ADC_DNT_summ()
;000054      while((ADC_RESULT) & 0x8000);
                     ??_6_DO:
0000016E    B30101001C                     	LDB   _AL,(ADC_RESULT+1)
00000173    3F1CF8                         	JBS   _AL,7h,??_6_DO
;000055      ADC_CON = 0x01 | (12 << 3); //канал для измерения тока DNT
00000176    B1611C                         	LDB   _AL,#61h
00000179    C70100001C                     	STB   _AL,ADC_CON
;000056      return ((ADC_RESULT&0x3FFF)-0x2000) & 0x3FFF;
0000017E    A30100001C                     	LD    _AX,ADC_RESULT
00000183    61FF3F1C                       	AND   _AX,#3FFFh
00000187    6500E01C                       	ADD   _AX,#0E000h
0000018B    61FF3F1C                       	AND   _AX,#3FFFh
;000057    }
0000018F    F0                             	RET   
.ENDF
                     ADC_50V:
;000059    void ADC_50V(uint16 *Result_50V, uint16 N)
00000190    C824                           	PUSH  _EX
00000192    C826                           	PUSH  _FX
00000194    C828                           	PUSH  _GX
00000196    C82A                           	PUSH  _HX
00000198    A01E20                         	LD    _CX,_BX
0000019B    A01C24                         	LD    _EX,_AX
;000062      uint32 mean = 0;
0000019E    011C                           	CLR   mean?ADC_50V
000001A0    011E                           	CLR   (mean?ADC_50V+2)
;000063      for(i = 0; i < N; i++)
000001A2    0122                           	CLR   i?ADC_50V
000001A4    2034                           	SJMP  ??_7_CHECK
                   ??_7_LOOP:
;000064      {
;000065        ADC_CON = 0x01 | (4 << 3); //канал для измерения тока DNT
000001A6    B12126                         	LDB   _FL,#21h
000001A9    C701000026                     	STB   _FL,ADC_CON
;000066        while( (*Result_50V = ADC_RESULT) & 0x8000 );
                     ??_8_DO:
000001AE    A301000026                     	LD    _FX,ADC_RESULT
000001B3    C22426                         	ST    _FX,[Result_50V?ADC_50V]
000001B6    3F27F5                         	JBS   _FH,7h,??_8_DO
;000067        *Result_50V = (*Result_50V - 0x2000) & 0x3FFF;
000001B9    A22426                         	LD    _FX,[Result_50V?ADC_50V]
000001BC    6500E026                       	ADD   _FX,#0E000h
000001C0    61FF3F26                       	AND   _FX,#3FFFh
000001C4    C22426                         	ST    _FX,[Result_50V?ADC_50V]
;000068        mean += *Result_50V;
000001C7    A22428                         	LD    _GX,[Result_50V?ADC_50V]
000001CA    012A                           	CLR   _HX
000001CC    641C28                         	ADD   _GX,mean?ADC_50V
000001CF    A41E2A                         	ADDC  _HX,(mean?ADC_50V+2)
000001D2    A0281C                         	LD    mean?ADC_50V,_GX
000001D5    A02A1E                         	LD    (mean?ADC_50V+2),_HX
;000069      }
000001D8    0722                           	INC   i?ADC_50V
                  ??_7_CHECK:
000001DA    882022                         	CMP   i?ADC_50V,N?ADC_50V
000001DD    D3C7                           	JNC   ??_7_LOOP
;000070      mean /= N;
000001DF    0122                           	CLR   _DX
000001E1    EF1CFE                         	LCALL ??DIV32U
;000071      *Result_50V = (uint16)(mean*ALPHA+BETTA); //перевод в В/256
000001E4    EF19FE                         	LCALL ??FPCONV32U
000001E7    A14C3720                       	LD    _CX,#374Ch
000001EB    A149BF22                       	LD    _DX,#0BF49h
000001EF    EF0EFE                         	LCALL ??FPMUL
000001F2    A100DC20                       	LD    _CX,#0DC00h
000001F6    A18F4622                       	LD    _DX,#468Fh
000001FA    EF03FE                         	LCALL ??FPADD
000001FD    EF00FE                         	LCALL ??FPTRUNC
00000200    C2241C                         	ST    _AX,[Result_50V?ADC_50V]
;000072    }
00000203    2107                           	SJMP  COMMON?END_ADC_50V
.ENDF
                  ADC_Pt1000:
;000074    void ADC_Pt1000(int16 *DNT_Temp, uint16 N)
00000205    C824                           	PUSH  _EX
00000207    C826                           	PUSH  _FX
00000209    C828                           	PUSH  _GX
0000020B    C82A                           	PUSH  _HX
0000020D    690E0018                       	SUB   _SP,#000Eh
00000211    A01C28                         	LD    _GX,_AX
00000214    C3180C1E                       	ST    _BX,0Ch[_SP]
;000077      float mean = 0;
00000218    AD0024                         	LDBZE mean?ADC_Pt1000,#00h
0000021B    AD0026                         	LDBZE (mean?ADC_Pt1000+2),#00h
;000078        float a = 8.19E-6, b = -9.445E-2, c= 2.039E+2;
0000021E    A1C8671C                       	LD    _AX,#67C8h
00000222    A109371E                       	LD    _BX,#3709h
00000226    C318001C                       	ST    _AX,a?ADC_Pt1000[_SP]
0000022A    C318021E                       	ST    _BX,(a?ADC_Pt1000+2)[_SP]
0000022E    A1006F1C                       	LD    _AX,#6F00h
00000232    A1C1BD1E                       	LD    _BX,#0BDC1h
00000236    C318041C                       	ST    _AX,b?ADC_Pt1000[_SP]
0000023A    C318061E                       	ST    _BX,(b?ADC_Pt1000+2)[_SP]
0000023E    A166E61C                       	LD    _AX,#0E666h
00000242    A14B431E                       	LD    _BX,#434Bh
00000246    C318081C                       	ST    _AX,c?ADC_Pt1000[_SP]
0000024A    C3180A1E                       	ST    _BX,(c?ADC_Pt1000+2)[_SP]
;000079      for(i = 0; i < N; i++)
0000024E    012A                           	CLR   i?ADC_Pt1000
00000250    2038                           	SJMP  ??_9_CHECK
                   ??_9_LOOP:
;000080      {
;000081        ADC_CON = 0x01 | (2 << 3); //канал для измерения тока DNT
00000252    B1111C                         	LDB   _AL,#11h
00000255    C70100001C                     	STB   _AL,ADC_CON
;000082        while( (*DNT_Temp = ADC_RESULT) & 0x8000 );
                    ??_10_DO:
0000025A    A30100001C                     	LD    _AX,ADC_RESULT
0000025F    C2281C                         	ST    _AX,[DNT_Temp?ADC_Pt1000]
00000262    3F1DF5                         	JBS   _AH,7h,??_10_DO
;000083        *DNT_Temp = (*DNT_Temp - 0x2000) & 0x3FFF;
00000265    A22820                         	LD    _CX,[DNT_Temp?ADC_Pt1000]
00000268    6500E020                       	ADD   _CX,#0E000h
0000026C    61FF3F20                       	AND   _CX,#3FFFh
00000270    C22820                         	ST    _CX,[DNT_Temp?ADC_Pt1000]
;000084        mean += *DNT_Temp;
00000273    A2281C                         	LD    _AX,[DNT_Temp?ADC_Pt1000]
00000276    EF87FD                         	LCALL ??FPCONV16
00000279    A02420                         	LD    _CX,mean?ADC_Pt1000
0000027C    A02622                         	LD    _DX,(mean?ADC_Pt1000+2)
0000027F    EF7EFD                         	LCALL ??FPADD
00000282    A01C24                         	LD    mean?ADC_Pt1000,_AX
00000285    A01E26                         	LD    (mean?ADC_Pt1000+2),_BX
;000085      }
00000288    072A                           	INC   i?ADC_Pt1000
                  ??_9_CHECK:
0000028A    8B180C2A                       	CMP   i?ADC_Pt1000,N?ADC_Pt1000[_SP]
0000028E    D3C2                           	JNC   ??_9_LOOP
;000086      mean /= N;
00000290    A3180C1C                       	LD    _AX,N?ADC_Pt1000[_SP]
00000294    EF69FD                         	LCALL ??FPCONV16U
00000297    A01C20                         	LD    _CX,_AX
0000029A    A01E22                         	LD    _DX,_BX
0000029D    A0241C                         	LD    _AX,mean?ADC_Pt1000
000002A0    A0261E                         	LD    _BX,(mean?ADC_Pt1000+2)
000002A3    EF5AFD                         	LCALL ??FPDIV
000002A6    A01C24                         	LD    mean?ADC_Pt1000,_AX
000002A9    A01E26                         	LD    (mean?ADC_Pt1000+2),_BX
;000087      mean = (a*mean*mean+b*mean+c)*256.;
000002AC    A318041C                       	LD    _AX,b?ADC_Pt1000[_SP]
000002B0    A318061E                       	LD    _BX,(b?ADC_Pt1000+2)[_SP]
000002B4    A02420                         	LD    _CX,_EX
000002B7    A02622                         	LD    _DX,_FX
000002BA    EF43FD                         	LCALL ??FPMUL
000002BD    C318041C                       	ST    _AX,b?ADC_Pt1000[_SP]
000002C1    C318061E                       	ST    _BX,(b?ADC_Pt1000+2)[_SP]
000002C5    A318001C                       	LD    _AX,a?ADC_Pt1000[_SP]
000002C9    A318021E                       	LD    _BX,(a?ADC_Pt1000+2)[_SP]
000002CD    A02420                         	LD    _CX,_EX
000002D0    A02622                         	LD    _DX,_FX
000002D3    EF2AFD                         	LCALL ??FPMUL
000002D6    A02420                         	LD    _CX,_EX
000002D9    A02622                         	LD    _DX,_FX
000002DC    EF21FD                         	LCALL ??FPMUL
000002DF    A3180420                       	LD    _CX,b?ADC_Pt1000[_SP]
000002E3    A3180622                       	LD    _DX,(b?ADC_Pt1000+2)[_SP]
000002E7    EF16FD                         	LCALL ??FPADD
000002EA    A3180820                       	LD    _CX,c?ADC_Pt1000[_SP]
000002EE    A3180A22                       	LD    _DX,(c?ADC_Pt1000+2)[_SP]
000002F2    EF0BFD                         	LCALL ??FPADD
000002F5    AD0020                         	LDBZE _CX,#00h
000002F8    A1804322                       	LD    _DX,#4380h
000002FC    EF01FD                         	LCALL ??FPMUL
;000088      *DNT_Temp = (uint16)(floor(mean));
000002FF    EFFEFC                         	LCALL floor
00000302    EFFBFC                         	LCALL ??FPTRUNC
00000305    C2281C                         	ST    _AX,[DNT_Temp?ADC_Pt1000]
;000089    }
00000308    650E0018                       	ADD   _SP,#000Eh
          COMMON?END_ADC_50V:
0000030C    CC2A                           	POP   _HX
0000030E    CC28                           	POP   _GX
00000310    CC26                           	POP   _FX
00000312    CC24                           	POP   _EX
00000314    F0                             	RET   
.ENDF
                Oscilloscope:
;000091    void Oscilloscope(uint16 ku, uint16 mode, uint16 delay_1ms)
00000315    C824                           	PUSH  _EX
;000095      uint16 *MKO_tr_data = (uint16*)0x1000;
;000096        SBUF_TX1 = 0x11;
00000317    B11122                         	LDB   _DL,#11h
0000031A    C701000022                     	STB   _DL,SBUF_TX1
;000097      if (mode == 0)
0000031F    88001E                         	CMP   mode?Oscilloscope,0
00000322    D726                           	JNE   ??_11_ELSE
;000098      {
;000099        if (ku == 0) IOPORT1 = 0x38&0x08;
00000324    88001C                         	CMP   ku?Oscilloscope,0
00000327    DF26                           	JE    ??_26_COMMON
;000100        else if (ku == 1) IOPORT1 = 0x38&0x28;
00000329    8901001C                       	CMP   ku?Oscilloscope,#0001h
0000032D    D705                           	JNE   ??_13_ELSE
0000032F    B12800                         	LDB   IOPORT1,#28h
00000332    203F                           	SJMP  ??_11_END
                  ??_13_ELSE:
;000101        else if (ku == 2) IOPORT1 = 0x38&0x18;
00000334    8902001C                       	CMP   ku?Oscilloscope,#0002h
00000338    D705                           	JNE   ??_14_ELSE
0000033A    B11800                         	LDB   IOPORT1,#18h
0000033D    2034                           	SJMP  ??_11_END
                  ??_14_ELSE:
;000102        else if (ku == 3) IOPORT1 = 0x38&0x38;
0000033F    8903001C                       	CMP   ku?Oscilloscope,#0003h
00000343    D72E                           	JNE   ??_11_END
00000345    B13800                         	LDB   IOPORT1,#38h
;000103      }
00000348    2029                           	SJMP  ??_11_END
                  ??_11_ELSE:
;000105      {
;000106        if (ku == 0) IOPORT1 = 0x38&0x08;
0000034A    88001C                         	CMP   ku?Oscilloscope,0
0000034D    D705                           	JNE   ??_16_ELSE
                ??_26_COMMON:
0000034F    B10800                         	LDB   IOPORT1,#08h
00000352    201F                           	SJMP  ??_16_END
                  ??_16_ELSE:
;000107        else if (ku == 1) IOPORT1 = 0x38&0x20;
00000354    8901001C                       	CMP   ku?Oscilloscope,#0001h
00000358    D705                           	JNE   ??_17_ELSE
0000035A    B12000                         	LDB   IOPORT1,#20h
0000035D    2014                           	SJMP  ??_17_END
                  ??_17_ELSE:
;000108        else if (ku == 2) IOPORT1 = 0x38&0x10;
0000035F    8902001C                       	CMP   ku?Oscilloscope,#0002h
00000363    D705                           	JNE   ??_18_ELSE
00000365    B11000                         	LDB   IOPORT1,#10h
00000368    2009                           	SJMP  ??_18_END
                  ??_18_ELSE:
;000109        else if (ku == 3) IOPORT1 = 0x38&0x30;
0000036A    8903001C                       	CMP   ku?Oscilloscope,#0003h
0000036E    D703                           	JNE   ??_19_ELSE
00000370    B13000                         	LDB   IOPORT1,#30h
                  ??_19_ELSE:
                   ??_18_END:
                   ??_17_END:
                   ??_16_END:
;000110      }
                   ??_11_END:
;000111      _di_();
00000373    FA                             	DI    
;000112        SBUF_TX1 = 0x12;
00000374    B1121C                         	LDB   _AL,#12h
00000377    C70100001C                     	STB   _AL,SBUF_TX1
;000113      IOPORT1 |= 0x40;
0000037C    914000                         	ORB   IOPORT1,#40h
;000114      for (i=0; i< delay_1ms; i++)
0000037F    0122                           	CLR   i?Oscilloscope
00000381    200E                           	SJMP  ??_20_CHECK
                  ??_20_LOOP:
;000115      {
;000116        WSR = 0x00;
00000383    1100                           	CLRB  WSR
;000117        TIMER2 = 0xFB1D;
00000385    A11DFB00                       	LD    TIMER2,#0FB1Dh
;000118        WSR = 0x00;
;000119        tmp = IOS1;
;000120        while((tmp&0x10) == 0)
                    ??_21_DO:
;000121        {
;000122          tmp = IOS1;
00000389    B0001C                         	LDB   tmp?Oscilloscope,IOS1
;000123        }
0000038C    341CFA                         	JBC   tmp?Oscilloscope,4h,??_21_DO
;000124      }
0000038F    0722                           	INC   i?Oscilloscope
                 ??_20_CHECK:
00000391    882022                         	CMP   i?Oscilloscope,delay_1ms?Oscilloscope
00000394    D3ED                           	JNC   ??_20_LOOP
;000125        SBUF_TX1 = 0x13;
00000396    B1131C                         	LDB   _AL,#13h
00000399    C70100001C                     	STB   _AL,SBUF_TX1
;000126      for (i = 1; i<=512; i++)
0000039E    AD0122                         	LDBZE i?Oscilloscope,#01h
                  ??_22_LOOP:
;000127      {
;000128        ADC_CON = 0x01 | (12 << 3); //канал для измерения тока DNT
000003A1    B1611C                         	LDB   _AL,#61h
000003A4    C70100001C                     	STB   _AL,ADC_CON
;000129        while((ADC_RESULT) & 0x8000);
                    ??_23_DO:
000003A9    B30101001C                     	LDB   _AL,(ADC_RESULT+1)
000003AE    3F1CF8                         	JBS   _AL,7h,??_23_DO
;000130        if (i%32 == 0)
000003B1    411F00221C                     	AND   _AX,i?Oscilloscope,#001Fh
000003B6    88001C                         	CMP   _AX,0
000003B9    A02224                         	LD    _EX,i?Oscilloscope
000003BC    D71B                           	JNE   ??_24_ELSE
;000131        {
;000132          MKO_tr_data[i] = ((ADC_RESULT&0x3FFF)-0x2000) & 0x3FFF;
000003BE    090124                         	SHL   _EX,#01h
000003C1    A30100001C                     	LD    _AX,ADC_RESULT
000003C6    61FF3F1C                       	AND   _AX,#3FFFh
000003CA    6500E01C                       	ADD   _AX,#0E000h
000003CE    61FF3F1C                       	AND   _AX,#3FFFh
000003D2    C32500101C                     	ST    _AX,1000h[_EX]
;000133        }
000003D7    2019                           	SJMP  ??_24_END
                  ??_24_ELSE:
;000135        {
;000136          MKO_tr_data[i+32] = ((ADC_RESULT&0x3FFF)-0x2000) & 0x3FFF;
000003D9    090124                         	SHL   _EX,#01h
000003DC    A30100001C                     	LD    _AX,ADC_RESULT
000003E1    61FF3F1C                       	AND   _AX,#3FFFh
000003E5    6500E01C                       	ADD   _AX,#0E000h
000003E9    61FF3F1C                       	AND   _AX,#3FFFh
000003ED    C32540101C                     	ST    _AX,1040h[_EX]
;000137        }
                   ??_24_END:
;000138      }
000003F2    0722                           	INC   i?Oscilloscope
000003F4    89010222                       	CMP   i?Oscilloscope,#0201h
000003F8    D3A7                           	JNC   ??_22_LOOP
;000139      _ei_();
000003FA    FB                             	EI    
;000140      IOPORT1 &= 0x3F;
000003FB    713F00                         	ANDB  IOPORT1,#3Fh
;000141    }
000003FE    CC24                           	POP   _EX
00000400    F0                             	RET   
.ENDF

.\TestLinear\adc.c: 1025 byte(s), 2874 line(s), 0 error(s), 0 warning(s)

