*******************************************************************************
*                                                                             *
*              K1874BE96T C CROSS COMPILER Version 2.00.150328                *
*                          Copyright (C) 2012 NIIET                           *
*                                                                             *
*******************************************************************************

                 MKO_UD_Init:
;FILE: .\TestLinear\mko_ud.c
;000008    void MKO_UD_Init()
;000010    	BSICONFIG = 0x4005; //конфигурация удаленного терминала
00000000    A105401C                       	LD    _AX,#4005h
00000004    C30100001C                     	ST    _AX,BSICONFIG
;000011    	BSICON_TERM = ((0x1F&MKO_ADR)<<11) | 0x0001;
00000009    A101981C                       	LD    _AX,#9801h
0000000D    C30100001C                     	ST    _AX,BSICON_TERM
;000012        INT_MASK1 |= 0x0002; //разрешение прерывания по МКО
00000012    910200                         	ORB   INT_MASK1,#02h
;000013        INT_PEND1 &= ~0x0002; // запрещаем ждущие прерывания
00000015    71FD00                         	ANDB  INT_PEND1,#0FDh
;000014    }
00000018    F0                             	RET   
.ENDF
        MKO_data_to_transmit:
;000016    int8 MKO_data_to_transmit(uint16 *data, uint8 subaddr)
00000019    C824                           	PUSH  _EX
0000001B    B01E25                         	LDB   _EH,_BL
;000019      if (subaddr == 0 | subaddr > 30) return -1;
0000001E    980025                         	CMPB  subaddr?MKO_data_to_transmit,0
00000021    DF05                           	JE    ??_1_IF
00000023    991F25                         	CMPB  subaddr?MKO_data_to_transmit,#1Fh
00000026    D305                           	JNC   ??_1_ELSE
                     ??_1_IF:
00000028    B1FF1C                         	LDB   _AL,#0FFh
0000002B    20DB                           	SJMP  ??_EXIT?_MKO_data_to_transmit
                   ??_1_ELSE:
;000020      for (i=0; i<31; i++)
0000002D    1124                           	CLRB  i?MKO_data_to_transmit
                   ??_3_LOOP:
;000021      {
;000022        MKO_tr_data[i+1+(subaddr*32)] = data[i];
0000002F    AC251E                         	LDBZE _BX,subaddr?MKO_data_to_transmit
00000032    09051E                         	SHL   _BX,#05h
00000035    AC2420                         	LDBZE _CX,i?MKO_data_to_transmit
00000038    44201E22                       	ADD   _DX,_BX,_CX
0000003C    090122                         	SHL   _DX,#01h
0000003F    6701020022                     	ADD   _DX,MKO_tr_data
00000044    090120                         	SHL   _CX,#01h
00000047    641C20                         	ADD   _CX,data?MKO_data_to_transmit
0000004A    A22020                         	LD    _CX,[_CX]
0000004D    C3220220                       	ST    _CX,02h[_DX]
;000023      }
00000051    1724                           	INCB  i?MKO_data_to_transmit
00000053    991F24                         	CMPB  i?MKO_data_to_transmit,#1Fh
00000056    D3D7                           	JNC   ??_3_LOOP
;000024       MKO_tr_data[0+(subaddr*32)] = data[31];
00000058    09011E                         	SHL   _BX,#01h
0000005B    670102001E                     	ADD   _BX,MKO_tr_data
00000060    209D                           	SJMP  COMMON?END_MKO_data_to_transmit
;000025      return 0;
;000026    }
.ENDF
            MKO_receive_data:
;000028    int8 MKO_receive_data(uint16 *data, uint8 subaddr)
00000062    C824                           	PUSH  _EX
00000064    B01E25                         	LDB   _EH,_BL
;000031      if (subaddr == 0 | subaddr > 30) return -1;
00000067    980025                         	CMPB  subaddr?MKO_receive_data,0
0000006A    DF05                           	JE    ??_4_IF
0000006C    991F25                         	CMPB  subaddr?MKO_receive_data,#1Fh
0000006F    D305                           	JNC   ??_4_ELSE
                     ??_4_IF:
00000071    B1FF1C                         	LDB   _AL,#0FFh
00000074    203F                           	SJMP  ??_EXIT?_MKO_receive_data
                   ??_4_ELSE:
;000032      for (i=0; i<31; i++)
00000076    1124                           	CLRB  i?MKO_receive_data
                   ??_6_LOOP:
;000033      {
;000034    		data[i] =  MKO_rv_data[i+1+(subaddr*32)];
00000078    AC251E                         	LDBZE _BX,subaddr?MKO_receive_data
0000007B    09051E                         	SHL   _BX,#05h
0000007E    AC2420                         	LDBZE _CX,i?MKO_receive_data
00000081    A02022                         	LD    _DX,_CX
00000084    090122                         	SHL   _DX,#01h
00000087    641C22                         	ADD   _DX,data?MKO_receive_data
0000008A    44201E20                       	ADD   _CX,_BX,_CX
0000008E    090120                         	SHL   _CX,#01h
00000091    6701000020                     	ADD   _CX,MKO_rv_data
00000096    A3200220                       	LD    _CX,02h[_CX]
0000009A    C22220                         	ST    _CX,[_DX]
;000035      }
0000009D    1724                           	INCB  i?MKO_receive_data
0000009F    991F24                         	CMPB  i?MKO_receive_data,#1Fh
000000A2    D3D4                           	JNC   ??_6_LOOP
;000036      data[31] = MKO_rv_data[0+(subaddr*32)] ;
000000A4    09011E                         	SHL   _BX,#01h
000000A7    670100001E                     	ADD   _BX,MKO_rv_data
000000AC    A21E1E                         	LD    _BX,[_BX]
000000AF    C31C3E1E                       	ST    _BX,3Eh[data?MKO_receive_data]
;000037      return 0;
000000B3    111C                           	CLRB  _AL
;000038    }
   ??_EXIT?_MKO_receive_data:
000000B5    CC24                           	POP   _EX
000000B7    F0                             	RET   
.ENDF
     MKO_receive_data_change:
;000040    int8 MKO_receive_data_change(uint16 *data, uint8 subaddr)
000000B8    C824                           	PUSH  _EX
000000BA    B01E25                         	LDB   _EH,_BL
;000043      if (subaddr == 0 & subaddr > 30) return -1;
000000BD    980025                         	CMPB  subaddr?MKO_receive_data_change,0
000000C0    D70A                           	JNE   ??_7_ELSE
000000C2    991F25                         	CMPB  subaddr?MKO_receive_data_change,#1Fh
000000C5    D305                           	JNC   ??_7_ELSE
000000C7    B1FF1C                         	LDB   _AL,#0FFh
000000CA    203C                           	SJMP  ??_EXIT?_MKO_receive_data_change
                   ??_7_ELSE:
;000044      for (i=0; i<31; i++)
000000CC    1124                           	CLRB  i?MKO_receive_data_change
                   ??_9_LOOP:
;000045      {
;000046        MKO_rv_data[i+1+(subaddr*32)] = data[i];
000000CE    AC251E                         	LDBZE _BX,subaddr?MKO_receive_data_change
000000D1    09051E                         	SHL   _BX,#05h
000000D4    AC2420                         	LDBZE _CX,i?MKO_receive_data_change
000000D7    44201E22                       	ADD   _DX,_BX,_CX
000000DB    090122                         	SHL   _DX,#01h
000000DE    6701000022                     	ADD   _DX,MKO_rv_data
000000E3    090120                         	SHL   _CX,#01h
000000E6    641C20                         	ADD   _CX,data?MKO_receive_data_change
000000E9    A22020                         	LD    _CX,[_CX]
000000EC    C3220220                       	ST    _CX,02h[_DX]
;000047      }
000000F0    1724                           	INCB  i?MKO_receive_data_change
000000F2    991F24                         	CMPB  i?MKO_receive_data_change,#1Fh
000000F5    D3D7                           	JNC   ??_9_LOOP
;000048       MKO_rv_data[0+(subaddr*32)] = data[31];
000000F7    09011E                         	SHL   _BX,#01h
000000FA    670100001E                     	ADD   _BX,MKO_rv_data
COMMON?END_MKO_data_to_transmit:
000000FF    A31C3E1C                       	LD    _AX,3Eh[_AX]
00000103    C21E1C                         	ST    _AX,[_BX]
;000049      return 0;
00000106    111C                           	CLRB  _AL
??_EXIT?_MKO_data_to_transmit:
;000050    }
??_EXIT?_MKO_receive_data_change:
00000108    CC24                           	POP   _EX
0000010A    F0                             	RET   
.ENDF
                   MKO_State:
;000052    uint16 MKO_State()
;000054      return BSISTAT_TERM;
0000010B    A30100001C                     	LD    _AX,BSISTAT_TERM
;000055    }
00000110    F0                             	RET   
.ENDF

.\TestLinear\mko_ud.c: 273 byte(s), 2689 line(s), 0 error(s), 0 warning(s)

