*******************************************************************************
*                                                                             *
*                   K1874BE96T LINKER Version 1.13.150329                     *
*                          Copyright (C) 2012 NIIET                           *
*                                                                             *
*******************************************************************************

                 * * *  O P T I O N S   A T   S T A R T  * * *

    -O C:\Program Files (x86)\CodeMaster-96\1_30_01\CMC-96\Lib
    -E D:\YandexDisk\Work\Microcontrolers\1874бе7р\DNT_MKO\TestLinear\Release\Exe\TestLinear
    -M 10
    -M 20
    -M 21
    -M 60
    -M 80
    -F MI
    -m
    -t
    -A (code)CODE(02000H-07FFFH)
    -A (data)DATA(0800H-017FFH,0100H-07FFH)
    -Z CSTACK(256)
    -Z HEAP(0)

            * * *  A D D I N G   P R O G R A M   M O D U L E S  * * *

  Module:                CRC16                                   

  Module:                MAIN                                    

  Module:                UART                                    

  Module:                ADC                                     

  Module:                TYPES                                   

  Module:                DNT_FUN                                 

  Module:                MKO_UD                                  

  Module:                TIMERS                                  

  Module:                TIMERS_HEADER                           

  Module:                PWM                                     

  Module:                PWM_HEADER                              

  Module:                ??RESERVED_FAKE_END_MODULE               

  Module:                ??RESERVED_LOCATIONS_MODULE               

            * * *  A D D I N G   L I B R A R Y   M O D U L E S  * * *

  Module:                ?DIV32                                  

  Module:                ?DIV32U                                 

  Module:                ??SPDEF                                 

  Module:                ??TMPREGS                               

  Module:                ??DEFAULT_CCB_MODULE     low-priority   

  Module:                ??DEFAULT_INT01MODULE    low-priority   

  Module:                ??DEFAULT_INT02MODULE    low-priority   

  Module:                ??DEFAULT_INT03MODULE    low-priority   

  Module:                ??DEFAULT_INT04MODULE    low-priority   

  Module:                ??DEFAULT_INT05MODULE    low-priority   

  Module:                ??DEFAULT_INT06MODULE    low-priority   

  Module:                ??DEFAULT_INT07MODULE    low-priority   

  Module:                ??DEFAULT_INT10MODULE    low-priority   

  Module:                ??DEFAULT_INT11MODULE    low-priority   

  Module:                ??DEFAULT_INT12MODULE    low-priority   

  Module:                ??DEFAULT_INT13MODULE    low-priority   

  Module:                ??DEFAULT_INT14MODULE    low-priority   

  Module:                ??DEFAULT_INT15MODULE    low-priority   

  Module:                ??DEFAULT_INT16MODULE    low-priority   

  Module:                ??DEFAULT_INT17MODULE    low-priority   

  Module:                ??DEFAULT_INT18MODULE    low-priority   

  Module:                K1874VE7T_ADC_SFR        low-priority   

  Module:                K1874VE7T_CLOCK_CONTROL_SFRlow-priority   

  Module:                K1874VE7T_CPU_SFR        low-priority   

  Module:                K1874VE7T_GOSTR520702003_SFRlow-priority   

  Module:                K1874VE7T_IOPORTS_SFR    low-priority   

  Module:                K1874VE7T_UART1_SFR      low-priority   

  Module:                ??STARTUP                low-priority   

  Module:                ?FPADD                   low-priority   

  Module:                ??FPL_ADD_MOD            low-priority   

  Module:                ??FPL_PACK_MOD           low-priority   

  Module:                ?FPCONV16                low-priority   

  Module:                ??FPL_FRM_I_MOD          low-priority   

  Module:                ??FPL_FRM_UI_MOD         low-priority   

  Module:                ?FPMUL                   low-priority   

  Module:                ??FPL_MUL_MOD            low-priority   

  Module:                ?FPTRUNC                 low-priority   

  Module:                ??FPL_TO_L_MOD           low-priority   

  Module:                ABS                      low-priority   

  Module:                FLOOR                    low-priority   

  Module:                ?FPCMP                   low-priority   

  Module:                ??FPL_CMP_MOD            low-priority   

  Module:                ?FPCONV32                low-priority   

  Module:                ??FPL_FRM_L_MOD          low-priority   

  Module:                ??FPL_FRM_UL_MOD         low-priority   

  Module:                FREXP                    low-priority   

  Module:                ?FPHUGE_VAL              low-priority   

  Module:                MEMCPY                   low-priority   

  Module:                MEMSET                   low-priority   

              * * *  F U L L   S E T   O F   O P T I O N S  * * *

    -O C:\Program Files (x86)\CodeMaster-96\1_30_01\CMC-96\Lib
    -E D:\YandexDisk\Work\Microcontrolers\1874бе7р\DNT_MKO\TestLinear\Release\Exe\TestLinear
    -M 10
    -M 20
    -M 21
    -M 60
    -M 80
    -F MI
    -m
    -t
    -A (code)CODE(02000H-07FFFH)
    -A (data)DATA(0800H-017FFH,0100H-07FFH)
    -Z CSTACK(256)
    -Z HEAP(0)
    -K data(01F60h-01FFFh)
    -K reg(0-019H)
    -K code(2000H-207FH)
    -K code(2000H-200FH)
    -K code(2030H-203FH)
    -K code(2060H-2061H)
    -K code(2010H-2013H)
    -K code(2018H-2019H)
    -K code(2020H-202FH)
    -K code(2080H-2082H)
    -K reg(0018H-0019H)
    -K reg(001CH-002BH)
    -K reg(14-14)
    -K data(1FC4h-1FC5h)
    -K data(1FC6h-1FC7h)
    -K data(1FC0h-1FC0h)
    -K data(1FC4H-1FC7H)
    -K data(1FC2h-1FC2h)
    -K data(1FC0H-1FC0H)
    -K data(1FF9h-1FF9h)
    -K data(1FC2H-1FC2H)
    -K data(1FC1h-1FC1h)
    -K data(1FF9H-1FF9H)
    -K reg(000EH-000EH)
    -K data(1FC1H-1FC1H)
    -K data(1FF0h-1FF1h)
    -K data(1FF1h-1FF1h)
    -K data(1FF0H-1FF1H)
    -K data(1FF0h-1FF0h)
    -K data(1FF1H-1FF1H)
    -K data(1FF0H-1FF0H)
    -K reg(4-5)
    -K reg(4-5)
    -K reg(0004H-0005H)
    -K reg(4-5)
    -K reg(0004H-0005H)
    -K reg(6-7)
    -K reg(12-13)
    -K reg(0004H-0007H)
    -K reg(10-11)
    -K reg(000CH-000DH)
    -K reg(12-13)
    -K reg(3-3)
    -K reg(000AH-000EH)
    -K reg(6-6)
    -K reg(0003H-0003H)
    -K reg(5-5)
    -K reg(0006H-0006H)
    -K reg(4-4)
    -K reg(0005H-0005H)
    -K reg(6-6)
    -K reg(0004H-0004H)
    -K reg(5-5)
    -K reg(0006H-0006H)
    -K reg(4-4)
    -K reg(0005H-0005H)
    -K reg(8-8)
    -K reg(0004H-0004H)
    -K reg(19-19)
    -K reg(0008H-0008H)
    -K reg(9-9)
    -K reg(0013H-0013H)
    -K reg(18-18)
    -K reg(0009H-0009H)
    -K reg(21-21)
    -K reg(0012H-0012H)
    -K reg(22-22)
    -K reg(11-11)
    -K reg(0015H-0016H)
    -K reg(12-12)
    -K reg(21-21)
    -K reg(000BH-000CH)
    -K reg(22-22)
    -K reg(23-23)
    -K reg(5-5)
    -K reg(0015H-0017H)
    -K reg(4-4)
    -K reg(0005H-0005H)
    -K reg(7-7)
    -K reg(0004H-0004H)
    -K reg(6-6)
    -K reg(0007H-0007H)
    -K reg(23-23)
    -K reg(0006H-0006H)
    -K reg(22-22)
    -K reg(0017H-0017H)
    -K reg(23-23)
    -K reg(7-7)
    -K reg(0016H-0017H)
    -K reg(7-7)
    -K reg(0007H-0007H)
    -K reg(17-17)
    -K reg(0007H-0007H)
    -K reg(17-17)
    -K reg(0011H-0011H)
    -K reg(13-13)
    -K reg(0011H-0011H)
    -K reg(12-12)
    -K reg(000DH-000DH)
    -K reg(11-11)
    -K reg(000CH-000CH)
    -K reg(10-10)
    -K reg(000BH-000BH)
    -K reg(13-13)
    -K reg(000AH-000AH)
    -K reg(12-12)
    -K reg(000DH-000DH)
    -K reg(10-10)
    -K reg(000CH-000CH)
    -K reg(20-20)
    -K reg(000AH-000AH)
    -K reg(0014H-0014H)
    -K data(1F30h-1F31h)
    -K data(1F32h-1F33h)
    -K data(1F32h-1F33h)
    -K data(1F30H-1F33H)
    -K data(1F32h-1F33h)
    -K data(1F32H-1F33H)
    -K data(1F34h-1F35h)
    -K data(1F36h-1F37h)
    -K data(1F38h-1F39h)
    -K data(1F38h-1F39h)
    -K data(1F32H-1F39H)
    -K data(1F38h-1F39h)
    -K data(1F38H-1F39H)
    -K data(1F38H-1F39H)
    -K reg(15-15)
    -K reg(16-16)
    -K data(1FFEh-1FFFh)
    -K data(1FFEh-1FFEh)
    -K data(1FFEH-1FFFH)
    -K data(1FFFh-1FFFh)
    -K data(1FFEH-1FFFH)
    -K reg(000EH-0010H)
    -K data(1FA6h-1FA6h)
    -K data(1FABh-1FABh)
    -K data(1FA6H-1FA6H)
    -K data(1FA9h-1FA9h)
    -K data(1FABH-1FABH)
    -K data(1FAFh-1FAFh)
    -K data(1FA9H-1FA9H)
    -K data(1FADh-1FADh)
    -K data(1FAFH-1FAFH)
    -K data(1FADH-1FADH)

               * * *  B U I L D I N G   S E G M E N T S  * * *

  Segment: ??DATA_SEGMENT_ADDRESSES                code    REL
  ------------------------------------------------------------
  Module                      Size        Align        Offset 
  ============================================================
  MAIN                      00000004        01        00000000
  UART                      00000004        01        00000004
  DNT_FUN                   00000004        01        00000008
  MKO_UD                    00000004        01        0000000C
  TIMERS                    00000004        01        00000010
  ??STARTUP                 00000004        01        00000014
  ============================================================
  Total:                    00000018        01


  Segment: ??INIT_DATA_SEGMENT_ADDRESSES           code    REL
  ------------------------------------------------------------
  Module                      Size        Align        Offset 
  ============================================================
  MKO_UD                    00000006        01        00000000
  ??STARTUP                 00000006        01        00000006
  ============================================================
  Total:                    0000000C        01


  Segment: ??STD_LOC_SEG                           code    ABS
  ------------------------------------------------------------
  Module                     Start         End          Size  
  ============================================================
  ??RESERVED_LOCATIONS_MODULE 00000000     00002082     00002083
  ============================================================
  Total:                min:00000000 max:00002082     00002083


  Segment: CDATA__CRC16                            code    REL
  ------------------------------------------------------------
  Module                      Size        Align        Offset 
  ============================================================
  CRC16                     00000200        01        00000000
  ============================================================
  Total:                    00000200        01


  Segment: CODE__??CLIB                            code    REL
  ------------------------------------------------------------
  Module                      Size        Align        Offset 
  ============================================================
  ?DIV32                    00000038        00        00000000
  ?DIV32U                   00000048        00        00000038
  ??STARTUP                 000000E4        00        00000080
  ?FPADD                    00000010        00        00000164
  ??FPL_ADD_MOD             000000E4        00        00000174
  ??FPL_PACK_MOD            000000E5        00        00000258
  ?FPCONV16                 0000000C        00        0000033D
  ??FPL_FRM_I_MOD           00000011        00        00000349
  ??FPL_FRM_UI_MOD          00000017        00        0000035A
  ?FPMUL                    00000010        00        00000371
  ??FPL_MUL_MOD             00000084        00        00000381
  ?FPTRUNC                  0000000C        00        00000405
  ??FPL_TO_L_MOD            00000061        00        00000411
  ?FPCMP                    00000013        00        00000472
  ??FPL_CMP_MOD             00000058        00        00000485
  ?FPCONV32                 0000000C        00        000004DD
  ??FPL_FRM_L_MOD           00000033        00        000004E9
  ??FPL_FRM_UL_MOD          00000026        00        0000051C
  ============================================================
  Total:                    00000542        00


  Segment: CONST__??CLIB                           code    REL
  ------------------------------------------------------------
  Module                      Size        Align        Offset 
  ============================================================
  ??STARTUP                 00000004        01        00000000
  ?FPHUGE_VAL               0000000C        00        00000004
  ============================================================
  Total:                    00000010        01


  Segment: CSEG__??ISR                             code    REL
  ------------------------------------------------------------
  Module                      Size        Align        Offset 
  ============================================================
  ??DEFAULT_INT01MODULE     00000003        00        00000000
  ??DEFAULT_INT02MODULE     00000003        00        00000003
  ??DEFAULT_INT03MODULE     00000003        00        00000006
  ??DEFAULT_INT04MODULE     00000003        00        00000009
  ??DEFAULT_INT05MODULE     00000003        00        0000000C
  ??DEFAULT_INT06MODULE     00000003        00        0000000F
  ??DEFAULT_INT07MODULE     00000003        00        00000012
  ??DEFAULT_INT10MODULE     00000003        00        00000015
  ??DEFAULT_INT11MODULE     00000003        00        00000018
  ??DEFAULT_INT12MODULE     00000003        00        0000001B
  ??DEFAULT_INT13MODULE     00000003        00        0000001E
  ??DEFAULT_INT14MODULE     00000003        00        00000021
  ??DEFAULT_INT15MODULE     00000003        00        00000024
  ??DEFAULT_INT16MODULE     00000003        00        00000027
  ??DEFAULT_INT17MODULE     00000003        00        0000002A
  ??DEFAULT_INT18MODULE     00000003        00        0000002D
  ============================================================
  Total:                    00000030        00


  Segment: CSTACK                                  data    REL
  ------------------------------------------------------------
  Module                      Size        Align        Offset 
  ============================================================
  ??STARTUP                 00000040        00        00000000
  ============================================================
  Total:        (increased) 00000100        00


  Segment: FUN_CODE__ABS                           code    REL
  ------------------------------------------------------------
  Module                      Size        Align        Offset 
  ============================================================
  ABS                       00000006        00        00000000
  ============================================================
  Total:                    00000006        00


  Segment: FUN_CODE__ADC                           code    REL
  ------------------------------------------------------------
  Module                      Size        Align        Offset 
  ============================================================
  ADC                       000001E3        00        00000000
  ============================================================
  Total:                    000001E3        00


  Segment: FUN_CODE__CRC16                         code    REL
  ------------------------------------------------------------
  Module                      Size        Align        Offset 
  ============================================================
  CRC16                     0000004B        00        00000000
  ============================================================
  Total:                    0000004B        00


  Segment: FUN_CODE__DNT_FUN                       code    REL
  ------------------------------------------------------------
  Module                      Size        Align        Offset 
  ============================================================
  DNT_FUN                   00000C9C        00        00000000
  ============================================================
  Total:                    00000C9C        00


  Segment: FUN_CODE__FLOOR                         code    REL
  ------------------------------------------------------------
  Module                      Size        Align        Offset 
  ============================================================
  FLOOR                     00000058        00        00000000
  ============================================================
  Total:                    00000058        00


  Segment: FUN_CODE__FREXP                         code    REL
  ------------------------------------------------------------
  Module                      Size        Align        Offset 
  ============================================================
  FREXP                     00000084        00        00000000
  ============================================================
  Total:                    00000084        00


  Segment: FUN_CODE__MAIN                          code    REL
  ------------------------------------------------------------
  Module                      Size        Align        Offset 
  ============================================================
  MAIN                      0000034A        00        00000000
  ============================================================
  Total:                    0000034A        00


  Segment: FUN_CODE__MEMCPY                        code    REL
  ------------------------------------------------------------
  Module                      Size        Align        Offset 
  ============================================================
  MEMCPY                    00000017        00        00000000
  ============================================================
  Total:                    00000017        00


  Segment: FUN_CODE__MEMSET                        code    REL
  ------------------------------------------------------------
  Module                      Size        Align        Offset 
  ============================================================
  MEMSET                    00000017        00        00000000
  ============================================================
  Total:                    00000017        00


  Segment: FUN_CODE__MKO_UD                        code    REL
  ------------------------------------------------------------
  Module                      Size        Align        Offset 
  ============================================================
  MKO_UD                    00000156        00        00000000
  ============================================================
  Total:                    00000156        00


  Segment: FUN_CODE__PWM                           code    REL
  ------------------------------------------------------------
  Module                      Size        Align        Offset 
  ============================================================
  PWM                       00000019        00        00000000
  ============================================================
  Total:                    00000019        00


  Segment: FUN_CODE__TIMERS                        code    REL
  ------------------------------------------------------------
  Module                      Size        Align        Offset 
  ============================================================
  TIMERS                    00000036        00        00000000
  ============================================================
  Total:                    00000036        00


  Segment: FUN_CODE__UART                          code    REL
  ------------------------------------------------------------
  Module                      Size        Align        Offset 
  ============================================================
  UART                      0000012A        00        00000000
  ============================================================
  Total:                    0000012A        00


  Segment: IDATA_INI__MKO_UD                       code    REL
  ------------------------------------------------------------
  Module                      Size        Align        Offset 
  ============================================================
  MKO_UD                    00000005        00        00000000
  ============================================================
  Total:                    00000005        00


  Segment: IDATA__MKO_UD                           data    REL
  ------------------------------------------------------------
  Module                      Size        Align        Offset 
  ============================================================
  MKO_UD                    00000005        01        00000000
  ============================================================
  Total:                    00000005        01


  Segment: ISR_CODE__MKO_UD                        code    REL
  ------------------------------------------------------------
  Module                      Size        Align        Offset 
  ============================================================
  MKO_UD                    00000028        00        00000000
  ============================================================
  Total:                    00000028        00


  Segment: ISR_CODE__TIMERS                        code    REL
  ------------------------------------------------------------
  Module                      Size        Align        Offset 
  ============================================================
  TIMERS                    0000007A        00        00000000
  ============================================================
  Total:                    0000007A        00


  Segment: ISR_CODE__UART                          code    REL
  ------------------------------------------------------------
  Module                      Size        Align        Offset 
  ============================================================
  UART                      00000061        00        00000000
  ============================================================
  Total:                    00000061        00


  Segment: TMPREG_SEG                              reg     ABS
  ------------------------------------------------------------
  Module                     Start         End          Size  
  ============================================================
  ??SPDEF                   00000000     00000019     0000001A
  ??TMPREGS                 00000000     0000002B     0000002C
  ============================================================
  Total:                min:00000000 max:0000002B     0000002C


  Segment: UDATA__DNT_FUN                          data    REL
  ------------------------------------------------------------
  Module                      Size        Align        Offset 
  ============================================================
  DNT_FUN                   00000158        02        00000000
  ============================================================
  Total:                    00000158        02


  Segment: UDATA__MAIN                             data    REL
  ------------------------------------------------------------
  Module                      Size        Align        Offset 
  ============================================================
  MAIN                      00000185        01        00000000
  ============================================================
  Total:                    00000185        01


  Segment: UDATA__MKO_UD                           data    REL
  ------------------------------------------------------------
  Module                      Size        Align        Offset 
  ============================================================
  MKO_UD                    00000001        00        00000000
  ============================================================
  Total:                    00000001        00


  Segment: UDATA__TIMERS                           data    REL
  ------------------------------------------------------------
  Module                      Size        Align        Offset 
  ============================================================
  TIMERS                    00000006        01        00000000
  ============================================================
  Total:                    00000006        01


  Segment: UDATA__UART                             data    REL
  ------------------------------------------------------------
  Module                      Size        Align        Offset 
  ============================================================
  UART                      0000008D        01        00000000
  ============================================================
  Total:                    0000008D        01

         * * *  A D D R E S S   A R E A S   D E F I N I T I O N  * * *

  Name:                          CODE
  Allocation:                    code
  Ranges:                        00002083 00007FFF
  Reserved for abs segments:     00002000 00002082

  Name:                          DATA
  Allocation:                    data
  Ranges:                        00000100 000017FF

  Name:                          REG
  Allocation:                    reg
  Ranges:                        0000001A 0000001B
                                 0000002C 000000FF
  Reserved for abs segments:     00000000 00000019
                                 0000001C 0000002B

     * * *  P L A C I N G   R E L O C A T A B L E   S E G M E N T S  * * *

  Segment:                       CODE__??CLIB
  Allocation:                    code
  Size:                          00000542
  Align:                         00
  Address area:                  CODE
  Border:                        >00000000
  Placed at:                     00002083
  Ends at:                       000025C4


  Segment:                       CONST__??CLIB
  Allocation:                    code
  Size:                          00000010
  Align:                         01
  Address area:                  CODE
  Border:                        >00000000
  Placed at:                     000025C6
  Ends at:                       000025D5


  Segment:                       CSEG__??ISR
  Allocation:                    code
  Size:                          00000030
  Align:                         00
  Address area:                  CODE
  Border:                        >00000000
  Placed at:                     000025D6
  Ends at:                       00002605


  Segment:                       FUN_CODE__ABS
  Allocation:                    code
  Size:                          00000006
  Align:                         00
  Address area:                  CODE
  Border:                        >00000000
  Placed at:                     00002606
  Ends at:                       0000260B


  Segment:                       FUN_CODE__FLOOR
  Allocation:                    code
  Size:                          00000058
  Align:                         00
  Address area:                  CODE
  Border:                        >00000000
  Placed at:                     0000260C
  Ends at:                       00002663


  Segment:                       FUN_CODE__FREXP
  Allocation:                    code
  Size:                          00000084
  Align:                         00
  Address area:                  CODE
  Border:                        >00000000
  Placed at:                     00002664
  Ends at:                       000026E7


  Segment:                       FUN_CODE__MEMCPY
  Allocation:                    code
  Size:                          00000017
  Align:                         00
  Address area:                  CODE
  Border:                        >00000000
  Placed at:                     000026E8
  Ends at:                       000026FE


  Segment:                       FUN_CODE__MEMSET
  Allocation:                    code
  Size:                          00000017
  Align:                         00
  Address area:                  CODE
  Border:                        >00000000
  Placed at:                     000026FF
  Ends at:                       00002715


  Segment:                       ??DATA_SEGMENT_ADDRESSES
  Allocation:                    code
  Size:                          00000018
  Align:                         01
  Address area:                  CODE
  Border:                        >00000000
  Placed at:                     00002716
  Ends at:                       0000272D


  Segment:                       ??INIT_DATA_SEGMENT_ADDRESSES
  Allocation:                    code
  Size:                          0000000C
  Align:                         01
  Address area:                  CODE
  Border:                        >00000000
  Placed at:                     0000272E
  Ends at:                       00002739


  Segment:                       CDATA__CRC16
  Allocation:                    code
  Size:                          00000200
  Align:                         01
  Address area:                  CODE
  Border:                        >00000000
  Placed at:                     0000273A
  Ends at:                       00002939


  Segment:                       FUN_CODE__ADC
  Allocation:                    code
  Size:                          000001E3
  Align:                         00
  Address area:                  CODE
  Border:                        >00000000
  Placed at:                     0000293A
  Ends at:                       00002B1C


  Segment:                       FUN_CODE__CRC16
  Allocation:                    code
  Size:                          0000004B
  Align:                         00
  Address area:                  CODE
  Border:                        >00000000
  Placed at:                     00002B1D
  Ends at:                       00002B67


  Segment:                       FUN_CODE__DNT_FUN
  Allocation:                    code
  Size:                          00000C4E
  Align:                         00
  Address area:                  CODE
  Border:                        >00000000
  Placed at:                     00002B68
  Ends at:                       000037B5


  Segment:                       FUN_CODE__MAIN
  Allocation:                    code
  Size:                          0000034A
  Align:                         00
  Address area:                  CODE
  Border:                        >00000000
  Placed at:                     000037B6
  Ends at:                       00003AFF


  Segment:                       FUN_CODE__MKO_UD
  Allocation:                    code
  Size:                          00000150
  Align:                         00
  Address area:                  CODE
  Border:                        >00000000
  Placed at:                     00003B00
  Ends at:                       00003C4F


  Segment:                       FUN_CODE__PWM
  Allocation:                    code
  Size:                          00000019
  Align:                         00
  Address area:                  CODE
  Border:                        >00000000
  Placed at:                     00003C50
  Ends at:                       00003C68


  Segment:                       FUN_CODE__TIMERS
  Allocation:                    code
  Size:                          00000036
  Align:                         00
  Address area:                  CODE
  Border:                        >00000000
  Placed at:                     00003C69
  Ends at:                       00003C9E


  Segment:                       FUN_CODE__UART
  Allocation:                    code
  Size:                          000000DE
  Align:                         00
  Address area:                  CODE
  Border:                        >00000000
  Placed at:                     00003C9F
  Ends at:                       00003D7C


  Segment:                       IDATA_INI__MKO_UD
  Allocation:                    code
  Size:                          00000005
  Align:                         00
  Address area:                  CODE
  Border:                        >00000000
  Placed at:                     00003D7D
  Ends at:                       00003D81


  Segment:                       ISR_CODE__MKO_UD
  Allocation:                    code
  Size:                          00000028
  Align:                         00
  Address area:                  CODE
  Border:                        >00000000
  Placed at:                     00003D82
  Ends at:                       00003DA9


  Segment:                       ISR_CODE__TIMERS
  Allocation:                    code
  Size:                          0000007A
  Align:                         00
  Address area:                  CODE
  Border:                        >00000000
  Placed at:                     00003DAA
  Ends at:                       00003E23


  Segment:                       ISR_CODE__UART
  Allocation:                    code
  Size:                          00000061
  Align:                         00
  Address area:                  CODE
  Border:                        >00000000
  Placed at:                     00003E24
  Ends at:                       00003E84


  Segment:                       CSTACK
  Allocation:                    data
  Size:                          00000100
  Align:                         00
  Address area:                  DATA
  Border:                        >00000000
  Placed at:                     00000100
  Ends at:                       000001FF


  Segment:                       IDATA__MKO_UD
  Allocation:                    data
  Size:                          00000005
  Align:                         01
  Address area:                  DATA
  Border:                        >00000000
  Placed at:                     00000200
  Ends at:                       00000204


  Segment:                       UDATA__DNT_FUN
  Allocation:                    data
  Size:                          00000158
  Align:                         02
  Address area:                  DATA
  Border:                        >00000000
  Placed at:                     00000208
  Ends at:                       0000035F


  Segment:                       UDATA__MAIN
  Allocation:                    data
  Size:                          00000185
  Align:                         01
  Address area:                  DATA
  Border:                        >00000000
  Placed at:                     00000360
  Ends at:                       000004E4


  Segment:                       UDATA__MKO_UD
  Allocation:                    data
  Size:                          00000001
  Align:                         00
  Address area:                  DATA
  Border:                        >00000000
  Placed at:                     00000205
  Ends at:                       00000205


  Segment:                       UDATA__TIMERS
  Allocation:                    data
  Size:                          00000006
  Align:                         01
  Address area:                  DATA
  Border:                        >00000000
  Placed at:                     000004E6
  Ends at:                       000004EB


  Segment:                       UDATA__UART
  Allocation:                    data
  Size:                          0000008D
  Align:                         01
  Address area:                  DATA
  Border:                        >00000000
  Placed at:                     000004EC
  Ends at:                       00000578

                * * *  A D D R E S S   A R E A S   M A P  * * *

  Address area: CODE
  ----------------------------------------------------------------------------
  Segment                       Align  Starts at   Ends at   Size(hex)   (dec)
  ----------------------------------------------------------------------------
  *** RESERVED ***               -     00002000    00002082  00000083    131
  CODE__??CLIB                   0     00002083    000025C4  00000542    1346
  *** GAP ***                    -     000025C5    000025C5  00000001    1
  CONST__??CLIB                  1     000025C6    000025D5  00000010    16
  CSEG__??ISR                    0     000025D6    00002605  00000030    48
  FUN_CODE__ABS                  0     00002606    0000260B  00000006    6
  FUN_CODE__FLOOR                0     0000260C    00002663  00000058    88
  FUN_CODE__FREXP                0     00002664    000026E7  00000084    132
  FUN_CODE__MEMCPY               0     000026E8    000026FE  00000017    23
  FUN_CODE__MEMSET               0     000026FF    00002715  00000017    23
  ??DATA_SEGMENT_ADDRESSES       1     00002716    0000272D  00000018    24
  ??INIT_DATA_SEGMENT_ADDRESSES  1     0000272E    00002739  0000000C    12
  CDATA__CRC16                   1     0000273A    00002939  00000200    512
  FUN_CODE__ADC                  0     0000293A    00002B1C  000001E3    483
  FUN_CODE__CRC16                0     00002B1D    00002B67  0000004B    75
  FUN_CODE__DNT_FUN              0     00002B68    000037B5  00000C4E    3150
  FUN_CODE__MAIN                 0     000037B6    00003AFF  0000034A    842
  FUN_CODE__MKO_UD               0     00003B00    00003C4F  00000150    336
  FUN_CODE__PWM                  0     00003C50    00003C68  00000019    25
  FUN_CODE__TIMERS               0     00003C69    00003C9E  00000036    54
  FUN_CODE__UART                 0     00003C9F    00003D7C  000000DE    222
  IDATA_INI__MKO_UD              0     00003D7D    00003D81  00000005    5
  ISR_CODE__MKO_UD               0     00003D82    00003DA9  00000028    40
  ISR_CODE__TIMERS               0     00003DAA    00003E23  0000007A    122
  ISR_CODE__UART                 0     00003E24    00003E84  00000061    97
  *** GAP ***                    -     00003E85    00007FFF  0000417B    16763


  Address area: DATA
  ----------------------------------------------------------------------------
  Segment                       Align  Starts at   Ends at   Size(hex)   (dec)
  ----------------------------------------------------------------------------
  CSTACK                         0     00000100    000001FF  00000100    256
  IDATA__MKO_UD                  1     00000200    00000204  00000005    5
  UDATA__MKO_UD                  0     00000205    00000205  00000001    1
  *** GAP ***                    -     00000206    00000207  00000002    2
  UDATA__DNT_FUN                 2     00000208    0000035F  00000158    344
  UDATA__MAIN                    1     00000360    000004E4  00000185    389
  *** GAP ***                    -     000004E5    000004E5  00000001    1
  UDATA__TIMERS                  1     000004E6    000004EB  00000006    6
  UDATA__UART                    1     000004EC    00000578  0000008D    141
  *** GAP ***                    -     00000579    000017FF  00001287    4743


  Address area: REG
  ----------------------------------------------------------------------------
  Segment                       Align  Starts at   Ends at   Size(hex)   (dec)
  ----------------------------------------------------------------------------
  *** RESERVED ***               -     00000000    00000019  0000001A    26
  *** GAP ***                    -     0000001A    0000001B  00000002    2
  *** RESERVED ***               -     0000001C    0000002B  00000010    16
  *** GAP ***                    -     0000002C    000000FF  000000D4    212

                     * * *  S Y M B O L   T A B L E  * * *

  Name                           Segment          Value       Type info

  ?CCB_DATA                      n/a             0000001F     n/a
  ?INTERRUPT00                   ISR_CODE__TIMER 00003DAA     n/a
  ?INTERRUPT01                   CSEG__??ISR     000025D6     n/a
  ?INTERRUPT02                   CSEG__??ISR     000025D9     n/a
  ?INTERRUPT03                   CSEG__??ISR     000025DC     n/a
  ?INTERRUPT04                   CSEG__??ISR     000025DF     n/a
  ?INTERRUPT05                   CSEG__??ISR     000025E2     n/a
  ?INTERRUPT06                   CSEG__??ISR     000025E5     n/a
  ?INTERRUPT07                   CSEG__??ISR     000025E8     n/a
  ?INTERRUPT08                   ISR_CODE__UART  00003E24     n/a
  ?INTERRUPT09                   ISR_CODE__MKO_U 00003D82     n/a
  ?INTERRUPT10                   CSEG__??ISR     000025EB     n/a
  ?INTERRUPT11                   CSEG__??ISR     000025EE     n/a
  ?INTERRUPT12                   CSEG__??ISR     000025F1     n/a
  ?INTERRUPT13                   CSEG__??ISR     000025F4     n/a
  ?INTERRUPT14                   CSEG__??ISR     000025F7     n/a
  ?INTERRUPT15                   CSEG__??ISR     000025FA     n/a
  ?INTERRUPT16                   CSEG__??ISR     000025FD     n/a
  ?INTERRUPT17                   CSEG__??ISR     00002600     n/a
  ?INTERRUPT18                   CSEG__??ISR     00002603     n/a
  ?START                         CODE__??CLIB    00002103     <function>
  ?TMPREGS                       TMPREG_SEG      0000001C     n/a
  ADC_CON                        ??ABS_DATA      00001FC0     unsigned char
  ADC_EN                         ??ABS_DATA      00001FC2     unsigned char
  ADC_IOPORT0                    ??ABS_REG       0000000E *** unsigned char
  ADC_IOPORT5                    ??ABS_DATA      00001FF9 *** unsigned char
  ADC_Init                       FUN_CODE__ADC   0000293A     <function>
  ADC_RESULT                     ??ABS_DATA      00001FC4     unsigned int
  ADC_SET                        ??ABS_DATA      00001FC1     unsigned char
  ADC_TRSCHAN                    ??ABS_DATA      00001FC6 *** unsigned int
  BAUD_RATE0                     ??ABS_REG       0000000E     unsigned char
  BAUD_RATE1                     ??ABS_DATA      00001FA6     unsigned char
  BSICONFIG                      ??ABS_DATA      00001F30     unsigned int
  BSICON_CNRTL                   ??ABS_DATA      00001F32 *** unsigned int
  BSICON_MON                     ??ABS_DATA      00001F32 *** unsigned int
  BSICON_TERM                    ??ABS_DATA      00001F32     unsigned int
  BSISADDR                       ??ABS_DATA      00001F34 *** unsigned int
  BSISPACE                       ??ABS_DATA      00001F36 *** unsigned int
  BSISTAT_CNRTL                  ??ABS_DATA      00001F38 *** unsigned int
  BSISTAT_MON                    ??ABS_DATA      00001F38 *** unsigned int
  BSISTAT_TERM                   ??ABS_DATA      00001F38     unsigned int
  CLKC                           ??ABS_DATA      00001FF0     unsigned int
  CLKCH                          ??ABS_DATA      00001FF1 *** unsigned char
  CLKCL                          ??ABS_DATA      00001FF0 *** unsigned char
  COMAnsForm                     FUN_CODE__DNT_F 0000373A     <function>
  Current_Calc_Step_10ms         FUN_CODE__DNT_F 00002DFF     <function>
  DNT_Frame_Create               FUN_CODE__DNT_F 00002BC4     <function>
  DNT_Frame_Definer_Init         FUN_CODE__DNT_F 00002DEF     <function>
  DNT_Frame_Init                 FUN_CODE__DNT_F 00002B68     <function>
  DNT_Parameters_Init            FUN_CODE__DNT_F 00002DD5     <function>
  Grid_Voltage_Calc_Step_10ms    FUN_CODE__DNT_F 00003099     <function>
  HSI_MODE                       ??ABS_REG       00000003 *** unsigned char
  HSI_STATUS                     ??ABS_REG       00000006 *** unsigned char
  HSI_TIME                       ??ABS_REG       00000004 *** unsigned int
  HSI_TIME_HI                    ??ABS_REG       00000005 *** unsigned char
  HSI_TIME_LO                    ??ABS_REG       00000004 *** unsigned char
  HSO_COMMAND                    ??ABS_REG       00000006 *** unsigned char
  HSO_TIME                       ??ABS_REG       00000004 *** unsigned int
  HSO_TIME_HI                    ??ABS_REG       00000005 *** unsigned char
  HSO_TIME_LO                    ??ABS_REG       00000004 *** unsigned char
  INT_MASK                       ??ABS_REG       00000008     unsigned char
  INT_MASK1                      ??ABS_REG       00000013     unsigned char
  INT_PEND                       ??ABS_REG       00000009     unsigned char
  INT_PEND1                      ??ABS_REG       00000012     unsigned char
  IOC0                           ??ABS_REG       00000015 *** unsigned char
  IOC1                           ??ABS_REG       00000016     unsigned char
  IOC2                           ??ABS_REG       0000000B *** unsigned char
  IOC3                           ??ABS_REG       0000000C     unsigned char
  IOPORT0                        ??ABS_REG       0000000E *** unsigned char
  IOPORT1                        ??ABS_REG       0000000F     unsigned char
  IOPORT2                        ??ABS_REG       00000010 *** unsigned char
  IOPORT3                        ??ABS_DATA      00001FFE *** unsigned char
  IOPORT34                       ??ABS_DATA      00001FFE *** unsigned int
  IOPORT4                        ??ABS_DATA      00001FFF *** unsigned char
  IOPORT5                        ??ABS_DATA      00001FF9 *** unsigned char
  IOS0                           ??ABS_REG       00000015 *** unsigned char
  IOS1                           ??ABS_REG       00000016     unsigned char
  IOS2                           ??ABS_REG       00000017 *** unsigned char
  IRQ_MKO_UD                     ISR_CODE__MKO_U 00003D82 *** <function>
  IRQ_Timer1                     ISR_CODE__TIMER 00003DAA *** <function>
  IRQ_uart_rx_tx                 ISR_CODE__UART  00003E24 *** <function>
  MKO_UD_Init                    FUN_CODE__MKO_U 00003B00     <function>
  MKO_data_to_transmit           FUN_CODE__MKO_U 00003B19     <function>
  MKO_get_data_from_transmit_sub FUN_CODE__MKO_U 00003C0B     <function>
  MKO_receive_data               FUN_CODE__MKO_U 00003B62     <function>
  MKO_receive_data_change        FUN_CODE__MKO_U 00003BB8     <function>
  MKO_rv_data                    IDATA__MKO_UD   00000200 *** <pointer>
  MKO_tr_data                    IDATA__MKO_UD   00000202     <pointer>
  Oscilloscope                   FUN_CODE__ADC   00002A35     <function>
  PTSSEL                         ??ABS_REG       00000004     unsigned int
  PTSSEL_HI                      ??ABS_REG       00000005 *** unsigned char
  PTSSEL_LO                      ??ABS_REG       00000004 *** unsigned char
  PTSSRV                         ??ABS_REG       00000006 *** unsigned int
  PTSSRV_HI                      ??ABS_REG       00000007 *** unsigned char
  PTSSRV_LO                      ??ABS_REG       00000006 *** unsigned char
  PWM0_CONTROL                   ??ABS_REG       00000017 *** unsigned char
  PWM1_CONTROL                   ??ABS_REG       00000016     unsigned char
  PWM2_CONTROL                   ??ABS_REG       00000017 *** unsigned char
  PWM_Duty                       FUN_CODE__PWM   00003C58     <function>
  PWM_Init                       FUN_CODE__PWM   00003C50     <function>
  SBUF_RX0                       ??ABS_REG       00000007 *** unsigned char
  SBUF_RX1                       ??ABS_DATA      00001FAB     unsigned char
  SBUF_TX0                       ??ABS_REG       00000007     unsigned char
  SBUF_TX1                       ??ABS_DATA      00001FA9     unsigned char
  SP                             TMPREG_SEG      00000018     unsigned int
  SP_CON0                        ??ABS_REG       00000011     unsigned char
  SP_CON1                        ??ABS_DATA      00001FAF     unsigned char
  SP_STAT0                       ??ABS_REG       00000011     unsigned char
  SP_STAT1                       ??ABS_DATA      00001FAD     unsigned char
  T2CAPTURE                      ??ABS_REG       0000000C *** unsigned int
  T2CAPTURE_HI                   ??ABS_REG       0000000D *** unsigned char
  T2CAPTURE_LO                   ??ABS_REG       0000000C *** unsigned char
  TIMER1                         ??ABS_REG       0000000A     unsigned int
  TIMER1_HI                      ??ABS_REG       0000000B *** unsigned char
  TIMER1_LO                      ??ABS_REG       0000000A *** unsigned char
  TIMER2                         ??ABS_REG       0000000C     unsigned int
  TIMER2_HI                      ??ABS_REG       0000000D *** unsigned char
  TIMER2_LO                      ??ABS_REG       0000000C *** unsigned char
  TIMER_10MS                     UDATA__TIMERS   000004E6     unsigned int
  Temp_Calc_Step_10ms            FUN_CODE__DNT_F 00003013     <function>
  Timer10ms_Flag                 FUN_CODE__TIMER 00003C89     <function>
  Timer_Init                     FUN_CODE__TIMER 00003C69     <function>
  UART1_RX                       FUN_CODE__UART  00003D15     <function>
  UART1_RX_array                 UDATA__UART     000004F4 *** <array>
  UART1_TX                       FUN_CODE__UART  00003D3E     <function>
  UART1_TX_array                 UDATA__UART     00000534 *** <array>
  UART_Init                      FUN_CODE__UART  00003C9F     <function>
  UartPTS                        UDATA__UART     000004EC *** <struct>
  Update_DNT_Prameters_from_MKO  FUN_CODE__DNT_F 00002C5B     <function>
  Update_MKO_from_DNT_Parameters FUN_CODE__DNT_F 00002D59     <function>
  WATCHDOG                       ??ABS_REG       0000000A *** unsigned char
  WSR                            ??ABS_REG       00000014     unsigned char
  _adc_data_get                  FUN_CODE__DNT_F 000033B3 *** <function>
  _current_result_calc           FUN_CODE__DNT_F 0000340D *** <function>
  _cycle_measure_struct_init     FUN_CODE__DNT_F 00003182 *** <function>
  _get_frame_definer             FUN_CODE__DNT_F 000036CA *** <function>
  _ku_change_checker             FUN_CODE__DNT_F 0000358A *** <function>
  _single_meas_adc_data_get      FUN_CODE__DNT_F 00003467 *** <function>
  _single_meas_current_result_ca FUN_CODE__DNT_F 000034E9 *** <function>
  _single_measure_struct_init    FUN_CODE__DNT_F 00003223 *** <function>
  abs                            FUN_CODE__ABS   00002606     <function>
  adc_value_get                  FUN_CODE__ADC   0000294B     <function>
  answer                         UDATA__MAIN     000003A2 *** <array>
  com_data                       UDATA__MAIN     00000422 *** <array>
  crc16_ccitt                    FUN_CODE__CRC16 00002B1D     <function>
  crc16tab                       CDATA__CRC16    0000273A *** <array>
  dnt                            UDATA__DNT_FUN  00000208     <struct>
  dnt_data_frame                 UDATA__DNT_FUN  00000320     <struct>
  exit                           CODE__??CLIB    000021E5 *** <function>
  flag_rx                        UDATA__UART     00000574 *** unsigned char
  flag_rx1                       UDATA__UART     00000575 *** unsigned char
  floor                          FUN_CODE__FLOOR 0000260C     <function>
  frexp                          FUN_CODE__FREXP 00002664     <function>
  grid_voltage_adc_to_voltage    FUN_CODE__ADC   00002955     <function>
  grid_voltage_adc_value_get     FUN_CODE__ADC   00002950     <function>
  i                              UDATA__MAIN     00000360 *** unsigned int
  ku_gpio_set                    FUN_CODE__DNT_F 0000315C *** <function>
  ldiv                           CODE__??CLIB    00002083 *** <function>
  len_rx1                        UDATA__UART     00000576 *** unsigned char
  leng                           UDATA__MAIN     00000462 *** unsigned char
  main                           FUN_CODE__MAIN  000037B6     <function>
  memcpy                         FUN_CODE__MEMCP 000026E8     <function>
  memset                         FUN_CODE__MEMSE 000026FF     <function>
  mko_activity_timeout           IDATA__MKO_UD   00000204     unsigned char
  mko_read_flag                  UDATA__MKO_UD   00000205     unsigned char
  req_id                         UDATA__MAIN     00000463 *** unsigned char
  request                        UDATA__MAIN     00000464 *** <array>
  seq_num                        UDATA__MAIN     000004E4 *** unsigned char
  status_uart0                   UDATA__UART     00000577 *** unsigned char
  status_uart1                   UDATA__UART     00000578 *** unsigned char
  temperature_adc_to_degree      FUN_CODE__ADC   00002994     <function>
  temperature_adc_value_get      FUN_CODE__ADC   00002972     <function>
  time_10ms                      UDATA__TIMERS   000004E8 *** unsigned int
  timer_flag_1                   UDATA__TIMERS   000004EA *** unsigned char
  timer_flag_2                   UDATA__TIMERS   000004EB *** unsigned char
  u16_buff                       UDATA__MAIN     00000362 *** <array>
  uint16_buffer_rev_to_uint8_buf FUN_CODE__DNT_F 000036FC     <function>

  ***  These symbols do not resolve any external reference


                     * * *  O U T P U T   F I L E S  * * *

  Phyton/MicroCOSM format:
    D:\YandexDisk\Work\Microcontrolers\1874бе7р\DNT_MKO\TestLinear\Release\Exe\TestLinear.mce

  Intel Extended HEX format:
    D:\YandexDisk\Work\Microcontrolers\1874бе7р\DNT_MKO\TestLinear\Release\Exe\TestLinear.HEX  for Address Area CODE

  Generated code is suitable for:  K1874BE96T

