*******************************************************************************
*                                                                             *
*              K1874BE96T C CROSS COMPILER Version 2.00.150328                *
*                          Copyright (C) 2012 NIIET                           *
*                                                                             *
*******************************************************************************

                ?INTERRUPT00:
                  IRQ_Timer1:
;FILE: .\TestLinear\timers.c
;000010    void IRQ_Timer1()
00000000    F4                             	PUSHA 
00000001    C81C                           	PUSH  _AX
00000003    C81E                           	PUSH  _BX
00000005    C820                           	PUSH  _CX
;000013        _di_();
00000007    FA                             	DI    
;000014        tmp = IOS1;
00000008    B00020                         	LDB   tmp?IRQ_Timer1,IOS1
;000016        if (tmp&0x20)//обработка таймера 1
0000000B    35205E                         	JBC   tmp?IRQ_Timer1,5h,??_1_ELSE
;000017        {
;000018            WSR = 0x0F;
0000000E    B10F00                         	LDB   WSR,#0Fh
;000019            TIMER1 = 0xCF2C; //53036 10 мс для частоты МК 20МГц
00000011    A12CCF00                       	LD    TIMER1,#0CF2Ch
;000020            WSR = 0x00;
00000015    1100                           	CLRB  WSR
;000022    		if (time_10ms < 100){
00000017    A30102001C                     	LD    _AX,time_10ms
0000001C    8964001C                       	CMP   _AX,#0064h
00000020    DB09                           	JC    ??_2_ELSE
;000023    			time_10ms += 1;
00000022    071C                           	INC   _AX
00000024    C30102001C                     	ST    _AX,time_10ms
;000024    		}
00000029    201E                           	SJMP  ??_2_END
                   ??_2_ELSE:
;000025    		else{
;000026    			dnt.time += 1;
0000002B    A30100001C                     	LD    _AX,dnt
00000030    A30102001E                     	LD    _BX,(dnt+2)
00000035    071C                           	INC   _AX
00000037    A4001E                         	ADDC  _BX,0
0000003A    C30100001C                     	ST    _AX,dnt
0000003F    C30102001E                     	ST    _BX,(dnt+2)
;000027    			time_10ms = 0;
00000044    C301020000                     	ST    00h,time_10ms
;000028    		}
                    ??_2_END:
;000030            if (TIMER_10MS != 0){
00000049    A30100001C                     	LD    _AX,TIMER_10MS
0000004E    88001C                         	CMP   _AX,0
00000051    DF0C                           	JE    ??_3_ELSE
;000031                TIMER_10MS -= 1;
00000053    051C                           	DEC   _AX
00000055    C30100001C                     	ST    _AX,TIMER_10MS
;000032                timer_flag_1 = 0;
0000005A    C701040000                     	STB   00h,timer_flag_1
;000033            }
                   ??_3_ELSE:
;000034            if (TIMER_10MS == 0){
0000005F    88001C                         	CMP   _AX,0
00000062    D708                           	JNE   ??_4_ELSE
;000035                timer_flag_1 = 1;
00000064    B1011C                         	LDB   _AL,#01h
00000067    C70104001C                     	STB   _AL,timer_flag_1
;000036            }
                   ??_4_ELSE:
;000037        }
                   ??_1_ELSE:
;000038        if(tmp&0x10){
0000006C    342002                         	JBC   tmp?IRQ_Timer1,4h,??_5_ELSE
;000039            WSR = 0x00;
0000006F    1100                           	CLRB  WSR
;000041            WSR = 0x00;
;000042        }
                   ??_5_ELSE:
;000043        _ei_();
00000071    FB                             	EI    
;000044    }
00000072    CC20                           	POP   _CX
00000074    CC1E                           	POP   _BX
00000076    CC1C                           	POP   _AX
00000078    F5                             	POPA  
00000079    F0                             	RET   
.ENDF
                  Timer_Init:
;000046    void Timer_Init()
;000049      WSR = 0x0F;
00000000    B10F00                         	LDB   WSR,#0Fh
;000050      tmp = IOC1;
00000003    B0001C                         	LDB   tmp?Timer_Init,IOC1
;000051      WSR = 0x00;
00000006    1100                           	CLRB  WSR
;000052      IOC1 = tmp | 0x0C; //разрешаем прерывания таймера 1 и 2
00000008    910C1C                         	ORB   tmp?Timer_Init,#0Ch
0000000B    B01C00                         	LDB   IOC1,tmp?Timer_Init
;000053      WSR = 0x01;
0000000E    B10100                         	LDB   WSR,#01h
;000054      IOC3 |= 0x01;
00000011    910100                         	ORB   IOC3,#01h
;000055      WSR = 0x00;
00000014    1100                           	CLRB  WSR
;000056      INT_MASK |= 0x01;
00000016    910100                         	ORB   INT_MASK,#01h
;000058      WSR = 0x00;
;000059      INT_PEND1 &= ~0x10;
00000019    71EF00                         	ANDB  INT_PEND1,#0EFh
;000060      INT_PEND &= ~0x01;
0000001C    71FE00                         	ANDB  INT_PEND,#0FEh
;000061    }
0000001F    F0                             	RET   
.ENDF
              Timer10ms_Flag:
;000063    uint8 Timer10ms_Flag()
;000065      if (timer_flag_1 != 0)
00000020    B30104001C                     	LDB   _AL,timer_flag_1
00000025    98001C                         	CMPB  _AL,0
00000028    DF09                           	JE    ??_6_ELSE
;000066      {
;000067        timer_flag_1 = 0;
0000002A    C701040000                     	STB   00h,timer_flag_1
;000068        return 1;
0000002F    B1011C                         	LDB   _AL,#01h
00000032    F0                             	RET   
;000069      }
                   ??_6_ELSE:
;000070      return 0;
00000033    111C                           	CLRB  _AL
;000071    }
00000035    F0                             	RET   
.ENDF

.\TestLinear\timers.c: 176 byte(s), 2860 line(s), 0 error(s), 0 warning(s)

